// Jest Snapshot v1, https://goo.gl/fbAQLP

exports[`NetworkSwitch renders without crashing 1`] = `
ShallowWrapper {
  "length": 1,
  Symbol(enzyme.__root__): [Circular],
  Symbol(enzyme.__unrendered__): <NetworkSwitcher
    getBalance={[MockFunction]}
    networks={
      Object {
        "CoZTestNet": Object {
          "canDelete": false,
          "name": "CoZ TestNet",
          "url": "http://coz-privatenet.herokuapp.com/",
        },
        "MainNet": Object {
          "canDelete": false,
          "name": "MainNet",
          "url": "http://api.wallet.cityofzion.io",
        },
        "TestNet": Object {
          "canDelete": false,
          "name": "TestNet",
          "url": "http://testnet-api.wallet.cityofzion.io",
        },
      }
    }
    selectedNetworkId="MainNet"
    setNetwork={[MockFunction]}
  />,
  Symbol(enzyme.__renderer__): Object {
    "batchedUpdates": [Function],
    "getNode": [Function],
    "render": [Function],
    "simulateEvent": [Function],
    "unmount": [Function],
  },
  Symbol(enzyme.__node__): Object {
    "instance": null,
    "key": undefined,
    "nodeType": "host",
    "props": Object {
      "children": Array [
        <button
          className="networkNavigationButton"
          onClick={[Function]}
        >
          <img
            alt="globe"
            className="networkNavigationGlobe"
            src="test-file-stub"
          />
          <img
            alt="chevron down"
            className="networkNavigationChevron"
            src="test-file-stub"
          />
        </button>,
        <div
          className="networkNavigationDropdown"
          onClick={[Function]}
        >
          <button
            className="networkOptionButton"
            data-value="MainNet"
          >
            <img
              alt="neo"
              className="mainNetNeoImg"
              src="test-file-stub"
            />
            MainNet
            <div
              className="networkNavigationOptionSelected"
            />
          </button>
          <button
            className="networkOptionButton"
            data-value="TestNet"
          >
            <img
              alt="flask"
              className="networkOptionIcon"
              src="test-file-stub"
            />
            TestNet
          </button>
          <button
            className="networkOptionButton"
            data-value="CoZTestNet"
          >
            <div
              style={
                Object {
                  "backgroundColor": "#f15c5c",
                  "borderRadius": "3px",
                  "height": "13px",
                  "marginRight": "8px",
                  "width": "15px",
                }
              }
            />
            CoZ TestNet
          </button>
        </div>,
      ],
      "className": "networkNavigation",
    },
    "ref": null,
    "rendered": Array [
      Object {
        "instance": null,
        "key": undefined,
        "nodeType": "host",
        "props": Object {
          "children": Array [
            <img
              alt="globe"
              className="networkNavigationGlobe"
              src="test-file-stub"
            />,
            <img
              alt="chevron down"
              className="networkNavigationChevron"
              src="test-file-stub"
            />,
          ],
          "className": "networkNavigationButton",
          "onClick": [Function],
        },
        "ref": null,
        "rendered": Array [
          Object {
            "instance": null,
            "key": undefined,
            "nodeType": "host",
            "props": Object {
              "alt": "globe",
              "className": "networkNavigationGlobe",
              "src": "test-file-stub",
            },
            "ref": null,
            "rendered": null,
            "type": "img",
          },
          Object {
            "instance": null,
            "key": undefined,
            "nodeType": "host",
            "props": Object {
              "alt": "chevron down",
              "className": "networkNavigationChevron",
              "src": "test-file-stub",
            },
            "ref": null,
            "rendered": null,
            "type": "img",
          },
        ],
        "type": "button",
      },
      Object {
        "instance": null,
        "key": undefined,
        "nodeType": "host",
        "props": Object {
          "children": Array [
            <button
              className="networkOptionButton"
              data-value="MainNet"
            >
              <img
                alt="neo"
                className="mainNetNeoImg"
                src="test-file-stub"
              />
              MainNet
              <div
                className="networkNavigationOptionSelected"
              />
            </button>,
            <button
              className="networkOptionButton"
              data-value="TestNet"
            >
              <img
                alt="flask"
                className="networkOptionIcon"
                src="test-file-stub"
              />
              TestNet
            </button>,
            <button
              className="networkOptionButton"
              data-value="CoZTestNet"
            >
              <div
                style={
                  Object {
                    "backgroundColor": "#f15c5c",
                    "borderRadius": "3px",
                    "height": "13px",
                    "marginRight": "8px",
                    "width": "15px",
                  }
                }
              />
              CoZ TestNet
            </button>,
          ],
          "className": "networkNavigationDropdown",
          "onClick": [Function],
        },
        "ref": null,
        "rendered": Array [
          Object {
            "instance": null,
            "key": "option-key-MainNet",
            "nodeType": "host",
            "props": Object {
              "children": Array [
                <img
                  alt="neo"
                  className="mainNetNeoImg"
                  src="test-file-stub"
                />,
                "MainNet",
                <div
                  className="networkNavigationOptionSelected"
                />,
              ],
              "className": "networkOptionButton",
              "data-value": "MainNet",
            },
            "ref": null,
            "rendered": Array [
              Object {
                "instance": null,
                "key": undefined,
                "nodeType": "host",
                "props": Object {
                  "alt": "neo",
                  "className": "mainNetNeoImg",
                  "src": "test-file-stub",
                },
                "ref": null,
                "rendered": null,
                "type": "img",
              },
              "MainNet",
              Object {
                "instance": null,
                "key": undefined,
                "nodeType": "host",
                "props": Object {
                  "className": "networkNavigationOptionSelected",
                },
                "ref": null,
                "rendered": null,
                "type": "div",
              },
            ],
            "type": "button",
          },
          Object {
            "instance": null,
            "key": "option-key-TestNet",
            "nodeType": "host",
            "props": Object {
              "children": Array [
                <img
                  alt="flask"
                  className="networkOptionIcon"
                  src="test-file-stub"
                />,
                "TestNet",
                false,
              ],
              "className": "networkOptionButton",
              "data-value": "TestNet",
            },
            "ref": null,
            "rendered": Array [
              Object {
                "instance": null,
                "key": undefined,
                "nodeType": "host",
                "props": Object {
                  "alt": "flask",
                  "className": "networkOptionIcon",
                  "src": "test-file-stub",
                },
                "ref": null,
                "rendered": null,
                "type": "img",
              },
              "TestNet",
              false,
            ],
            "type": "button",
          },
          Object {
            "instance": null,
            "key": "option-key-CoZTestNet",
            "nodeType": "host",
            "props": Object {
              "children": Array [
                <div
                  style={
                    Object {
                      "backgroundColor": "#f15c5c",
                      "borderRadius": "3px",
                      "height": "13px",
                      "marginRight": "8px",
                      "width": "15px",
                    }
                  }
                />,
                "CoZ TestNet",
                false,
              ],
              "className": "networkOptionButton",
              "data-value": "CoZTestNet",
            },
            "ref": null,
            "rendered": Array [
              Object {
                "instance": null,
                "key": undefined,
                "nodeType": "host",
                "props": Object {
                  "style": Object {
                    "backgroundColor": "#f15c5c",
                    "borderRadius": "3px",
                    "height": "13px",
                    "marginRight": "8px",
                    "width": "15px",
                  },
                },
                "ref": null,
                "rendered": null,
                "type": "div",
              },
              "CoZ TestNet",
              false,
            ],
            "type": "button",
          },
        ],
        "type": "div",
      },
    ],
    "type": "section",
  },
  Symbol(enzyme.__nodes__): Array [
    Object {
      "instance": null,
      "key": undefined,
      "nodeType": "host",
      "props": Object {
        "children": Array [
          <button
            className="networkNavigationButton"
            onClick={[Function]}
          >
            <img
              alt="globe"
              className="networkNavigationGlobe"
              src="test-file-stub"
            />
            <img
              alt="chevron down"
              className="networkNavigationChevron"
              src="test-file-stub"
            />
          </button>,
          <div
            className="networkNavigationDropdown"
            onClick={[Function]}
          >
            <button
              className="networkOptionButton"
              data-value="MainNet"
            >
              <img
                alt="neo"
                className="mainNetNeoImg"
                src="test-file-stub"
              />
              MainNet
              <div
                className="networkNavigationOptionSelected"
              />
            </button>
            <button
              className="networkOptionButton"
              data-value="TestNet"
            >
              <img
                alt="flask"
                className="networkOptionIcon"
                src="test-file-stub"
              />
              TestNet
            </button>
            <button
              className="networkOptionButton"
              data-value="CoZTestNet"
            >
              <div
                style={
                  Object {
                    "backgroundColor": "#f15c5c",
                    "borderRadius": "3px",
                    "height": "13px",
                    "marginRight": "8px",
                    "width": "15px",
                  }
                }
              />
              CoZ TestNet
            </button>
          </div>,
        ],
        "className": "networkNavigation",
      },
      "ref": null,
      "rendered": Array [
        Object {
          "instance": null,
          "key": undefined,
          "nodeType": "host",
          "props": Object {
            "children": Array [
              <img
                alt="globe"
                className="networkNavigationGlobe"
                src="test-file-stub"
              />,
              <img
                alt="chevron down"
                className="networkNavigationChevron"
                src="test-file-stub"
              />,
            ],
            "className": "networkNavigationButton",
            "onClick": [Function],
          },
          "ref": null,
          "rendered": Array [
            Object {
              "instance": null,
              "key": undefined,
              "nodeType": "host",
              "props": Object {
                "alt": "globe",
                "className": "networkNavigationGlobe",
                "src": "test-file-stub",
              },
              "ref": null,
              "rendered": null,
              "type": "img",
            },
            Object {
              "instance": null,
              "key": undefined,
              "nodeType": "host",
              "props": Object {
                "alt": "chevron down",
                "className": "networkNavigationChevron",
                "src": "test-file-stub",
              },
              "ref": null,
              "rendered": null,
              "type": "img",
            },
          ],
          "type": "button",
        },
        Object {
          "instance": null,
          "key": undefined,
          "nodeType": "host",
          "props": Object {
            "children": Array [
              <button
                className="networkOptionButton"
                data-value="MainNet"
              >
                <img
                  alt="neo"
                  className="mainNetNeoImg"
                  src="test-file-stub"
                />
                MainNet
                <div
                  className="networkNavigationOptionSelected"
                />
              </button>,
              <button
                className="networkOptionButton"
                data-value="TestNet"
              >
                <img
                  alt="flask"
                  className="networkOptionIcon"
                  src="test-file-stub"
                />
                TestNet
              </button>,
              <button
                className="networkOptionButton"
                data-value="CoZTestNet"
              >
                <div
                  style={
                    Object {
                      "backgroundColor": "#f15c5c",
                      "borderRadius": "3px",
                      "height": "13px",
                      "marginRight": "8px",
                      "width": "15px",
                    }
                  }
                />
                CoZ TestNet
              </button>,
            ],
            "className": "networkNavigationDropdown",
            "onClick": [Function],
          },
          "ref": null,
          "rendered": Array [
            Object {
              "instance": null,
              "key": "option-key-MainNet",
              "nodeType": "host",
              "props": Object {
                "children": Array [
                  <img
                    alt="neo"
                    className="mainNetNeoImg"
                    src="test-file-stub"
                  />,
                  "MainNet",
                  <div
                    className="networkNavigationOptionSelected"
                  />,
                ],
                "className": "networkOptionButton",
                "data-value": "MainNet",
              },
              "ref": null,
              "rendered": Array [
                Object {
                  "instance": null,
                  "key": undefined,
                  "nodeType": "host",
                  "props": Object {
                    "alt": "neo",
                    "className": "mainNetNeoImg",
                    "src": "test-file-stub",
                  },
                  "ref": null,
                  "rendered": null,
                  "type": "img",
                },
                "MainNet",
                Object {
                  "instance": null,
                  "key": undefined,
                  "nodeType": "host",
                  "props": Object {
                    "className": "networkNavigationOptionSelected",
                  },
                  "ref": null,
                  "rendered": null,
                  "type": "div",
                },
              ],
              "type": "button",
            },
            Object {
              "instance": null,
              "key": "option-key-TestNet",
              "nodeType": "host",
              "props": Object {
                "children": Array [
                  <img
                    alt="flask"
                    className="networkOptionIcon"
                    src="test-file-stub"
                  />,
                  "TestNet",
                  false,
                ],
                "className": "networkOptionButton",
                "data-value": "TestNet",
              },
              "ref": null,
              "rendered": Array [
                Object {
                  "instance": null,
                  "key": undefined,
                  "nodeType": "host",
                  "props": Object {
                    "alt": "flask",
                    "className": "networkOptionIcon",
                    "src": "test-file-stub",
                  },
                  "ref": null,
                  "rendered": null,
                  "type": "img",
                },
                "TestNet",
                false,
              ],
              "type": "button",
            },
            Object {
              "instance": null,
              "key": "option-key-CoZTestNet",
              "nodeType": "host",
              "props": Object {
                "children": Array [
                  <div
                    style={
                      Object {
                        "backgroundColor": "#f15c5c",
                        "borderRadius": "3px",
                        "height": "13px",
                        "marginRight": "8px",
                        "width": "15px",
                      }
                    }
                  />,
                  "CoZ TestNet",
                  false,
                ],
                "className": "networkOptionButton",
                "data-value": "CoZTestNet",
              },
              "ref": null,
              "rendered": Array [
                Object {
                  "instance": null,
                  "key": undefined,
                  "nodeType": "host",
                  "props": Object {
                    "style": Object {
                      "backgroundColor": "#f15c5c",
                      "borderRadius": "3px",
                      "height": "13px",
                      "marginRight": "8px",
                      "width": "15px",
                    },
                  },
                  "ref": null,
                  "rendered": null,
                  "type": "div",
                },
                "CoZ TestNet",
                false,
              ],
              "type": "button",
            },
          ],
          "type": "div",
        },
      ],
      "type": "section",
    },
  ],
  Symbol(enzyme.__options__): Object {
    "adapter": ReactSixteenAdapter {
      "options": Object {
        "enableComponentDidUpdateOnSetState": true,
      },
    },
  },
}
`;
